
./octez-codec encode 021-PtQenaB1.tez from '"7322135"'
97f4be03

./octez-codec decode 021-PtQenaB1.tez from 97f4be03
"7322135"

./octez-codec encode 021-PtQenaB1.tez from '"0"'
00

./octez-codec decode 021-PtQenaB1.tez from 00
"0"
