
./octez-codec encode 021-PtQenaB1.timestamp from '"2020-04-20T16:19:59Z"'
000000005e9dcbaf

./octez-codec decode 021-PtQenaB1.timestamp from 000000005e9dcbaf
"2020-04-20T16:19:59Z"
